// Jest Snapshot v1, https://goo.gl/fbAQLP

exports[`createWidgetReducer UPDATE_SCHEMA should throw an error if the schema does not have a blueprint 1`] = `"received is not a function"`;
